// Jest Snapshot v1, https://goo.gl/fbAQLP

exports[`Button component matches the snapshot 1`] = `
<button
  aria-pressed="false"
  className="button-0-2-1"
  data-testid="button"
/>
`;
