// Jest Snapshot v1, https://goo.gl/fbAQLP

exports[`Card component matches the snapshot 1`] = `
<div
  className="card-0-2-1"
  data-testid="card"
/>
`;
