// Jest Snapshot v1, https://goo.gl/fbAQLP

exports[`Loader component matches the snapshot 1`] = `
<div
  className="overlay"
>
  <div
    className="loader"
    data-testid="loader"
  />
</div>
`;
